// Jest Snapshot v1, https://goo.gl/fbAQLP

exports[`Test fbt transforms without the jsx transform nested in div 1`] = `
"const fbt = require(\\"fbt\\");

let x = <div>
            {fbt._(\\"__FBT__{\\\\\\"type\\\\\\":\\\\\\"text\\\\\\",\\\\\\"jsfbt\\\\\\":\\\\\\"A nested string\\\\\\",\\\\\\"desc\\\\\\":\\\\\\"nested!\\\\\\",\\\\\\"project\\\\\\":\\\\\\"\\\\\\"}__FBT__\\")}
          </div>;"
`;

exports[`Test fbt transforms without the jsx transform not nested 1`] = `
"const fbt = require(\\"fbt\\");

let x = fbt._(\\"__FBT__{\\\\\\"type\\\\\\":\\\\\\"text\\\\\\",\\\\\\"jsfbt\\\\\\":\\\\\\"A nested string\\\\\\",\\\\\\"desc\\\\\\":\\\\\\"nested!\\\\\\",\\\\\\"project\\\\\\":\\\\\\"\\\\\\"}__FBT__\\");"
`;
